------------------------------------------------------------
Timing Analyzer Summary
------------------------------------------------------------

Type  : Slow 1100mV 85C Model Setup 'w_clk'
Slack : 6.266
TNS   : 0.000

Type  : Slow 1100mV 85C Model Setup 'r_clk'
Slack : 16.098
TNS   : 0.000

Type  : Slow 1100mV 85C Model Hold 'w_clk'
Slack : 0.386
TNS   : 0.000

Type  : Slow 1100mV 85C Model Hold 'r_clk'
Slack : 0.461
TNS   : 0.000

Type  : Slow 1100mV 85C Model Minimum Pulse Width 'w_clk'
Slack : 3.421
TNS   : 0.000

Type  : Slow 1100mV 85C Model Minimum Pulse Width 'r_clk'
Slack : 8.413
TNS   : 0.000

Type  : Slow 1100mV 0C Model Setup 'w_clk'
Slack : 6.109
TNS   : 0.000

Type  : Slow 1100mV 0C Model Setup 'r_clk'
Slack : 15.975
TNS   : 0.000

Type  : Slow 1100mV 0C Model Hold 'w_clk'
Slack : 0.378
TNS   : 0.000

Type  : Slow 1100mV 0C Model Hold 'r_clk'
Slack : 0.438
TNS   : 0.000

Type  : Slow 1100mV 0C Model Minimum Pulse Width 'w_clk'
Slack : 3.362
TNS   : 0.000

Type  : Slow 1100mV 0C Model Minimum Pulse Width 'r_clk'
Slack : 8.329
TNS   : 0.000

Type  : Fast 1100mV 85C Model Setup 'w_clk'
Slack : 8.518
TNS   : 0.000

Type  : Fast 1100mV 85C Model Setup 'r_clk'
Slack : 18.357
TNS   : 0.000

Type  : Fast 1100mV 85C Model Hold 'w_clk'
Slack : 0.170
TNS   : 0.000

Type  : Fast 1100mV 85C Model Hold 'r_clk'
Slack : 0.201
TNS   : 0.000

Type  : Fast 1100mV 85C Model Minimum Pulse Width 'w_clk'
Slack : 3.840
TNS   : 0.000

Type  : Fast 1100mV 85C Model Minimum Pulse Width 'r_clk'
Slack : 8.837
TNS   : 0.000

Type  : Fast 1100mV 0C Model Setup 'w_clk'
Slack : 8.617
TNS   : 0.000

Type  : Fast 1100mV 0C Model Setup 'r_clk'
Slack : 18.468
TNS   : 0.000

Type  : Fast 1100mV 0C Model Hold 'w_clk'
Slack : 0.155
TNS   : 0.000

Type  : Fast 1100mV 0C Model Hold 'r_clk'
Slack : 0.179
TNS   : 0.000

Type  : Fast 1100mV 0C Model Minimum Pulse Width 'w_clk'
Slack : 3.828
TNS   : 0.000

Type  : Fast 1100mV 0C Model Minimum Pulse Width 'r_clk'
Slack : 8.826
TNS   : 0.000

------------------------------------------------------------
