Analysis & Synthesis report for FIFO
Wed Aug 07 02:41:21 2024
Quartus Prime Version 18.1.0 Build 625 09/12/2018 SJ Lite Edition


---------------------
; Table of Contents ;
---------------------
  1. Legal Notice
  2. Analysis & Synthesis Summary
  3. Analysis & Synthesis Settings
  4. Parallel Compilation
  5. Analysis & Synthesis Source Files Read
  6. Analysis & Synthesis Resource Usage Summary
  7. Analysis & Synthesis Resource Utilization by Entity
  8. Analysis & Synthesis RAM Summary
  9. General Register Statistics
 10. Inverted Register Statistics
 11. Source assignments for altsyncram:mem_rtl_0|altsyncram_g0j1:auto_generated
 12. Parameter Settings for User Entity Instance: Top-level Entity: |FIFO
 13. Parameter Settings for User Entity Instance: read_pointer:read_pointer_inst
 14. Parameter Settings for User Entity Instance: read_pointer:read_pointer_inst|bin_to_gray:bin2gray
 15. Parameter Settings for User Entity Instance: write_pointer:write_pointer_inst
 16. Parameter Settings for User Entity Instance: write_pointer:write_pointer_inst|bin_to_gray:bin2gray
 17. Parameter Settings for Inferred Entity Instance: altsyncram:mem_rtl_0
 18. altsyncram Parameter Settings by Entity Instance
 19. Port Connectivity Checks: "synchronizer:w_ptr_sync_inst"
 20. Port Connectivity Checks: "write_pointer:write_pointer_inst"
 21. Port Connectivity Checks: "synchronizer:r_ptr_sync_inst"
 22. Port Connectivity Checks: "read_pointer:read_pointer_inst"
 23. Post-Synthesis Netlist Statistics for Top Partition
 24. Elapsed Time Per Partition
 25. Analysis & Synthesis Messages



----------------
; Legal Notice ;
----------------
Copyright (C) 2018  Intel Corporation. All rights reserved.
Your use of Intel Corporation's design tools, logic functions 
and other software and tools, and its AMPP partner logic 
functions, and any output files from any of the foregoing 
(including device programming or simulation files), and any 
associated documentation or information are expressly subject 
to the terms and conditions of the Intel Program License 
Subscription Agreement, the Intel Quartus Prime License Agreement,
the Intel FPGA IP License Agreement, or other applicable license
agreement, including, without limitation, that your use is for
the sole purpose of programming logic devices manufactured by
Intel and sold by Intel or its authorized distributors.  Please
refer to the applicable agreement for further details.



+-------------------------------------------------------------------------------+
; Analysis & Synthesis Summary                                                  ;
+---------------------------------+---------------------------------------------+
; Analysis & Synthesis Status     ; Successful - Wed Aug 07 02:41:21 2024       ;
; Quartus Prime Version           ; 18.1.0 Build 625 09/12/2018 SJ Lite Edition ;
; Revision Name                   ; FIFO                                        ;
; Top-level Entity Name           ; FIFO                                        ;
; Family                          ; Cyclone V                                   ;
; Logic utilization (in ALMs)     ; N/A                                         ;
; Total registers                 ; 29                                          ;
; Total pins                      ; 24                                          ;
; Total virtual pins              ; 0                                           ;
; Total block memory bits         ; 72                                          ;
; Total DSP Blocks                ; 0                                           ;
; Total HSSI RX PCSs              ; 0                                           ;
; Total HSSI PMA RX Deserializers ; 0                                           ;
; Total HSSI TX PCSs              ; 0                                           ;
; Total HSSI PMA TX Serializers   ; 0                                           ;
; Total PLLs                      ; 0                                           ;
; Total DLLs                      ; 0                                           ;
+---------------------------------+---------------------------------------------+


+---------------------------------------------------------------------------------------------------------------------------+
; Analysis & Synthesis Settings                                                                                             ;
+---------------------------------------------------------------------------------+--------------------+--------------------+
; Option                                                                          ; Setting            ; Default Value      ;
+---------------------------------------------------------------------------------+--------------------+--------------------+
; Device                                                                          ; 5CGXFC7C7F23C8     ;                    ;
; Top-level entity name                                                           ; FIFO               ; FIFO               ;
; Family name                                                                     ; Cyclone V          ; Cyclone V          ;
; Use smart compilation                                                           ; Off                ; Off                ;
; Enable parallel Assembler and Timing Analyzer during compilation                ; On                 ; On                 ;
; Enable compact report table                                                     ; Off                ; Off                ;
; Restructure Multiplexers                                                        ; Auto               ; Auto               ;
; MLAB Add Timing Constraints For Mixed-Port Feed-Through Mode Setting Don't Care ; Off                ; Off                ;
; Create Debugging Nodes for IP Cores                                             ; Off                ; Off                ;
; Preserve fewer node names                                                       ; On                 ; On                 ;
; Intel FPGA IP Evaluation Mode                                                   ; Enable             ; Enable             ;
; Verilog Version                                                                 ; Verilog_2001       ; Verilog_2001       ;
; VHDL Version                                                                    ; VHDL_1993          ; VHDL_1993          ;
; State Machine Processing                                                        ; Auto               ; Auto               ;
; Safe State Machine                                                              ; Off                ; Off                ;
; Extract Verilog State Machines                                                  ; On                 ; On                 ;
; Extract VHDL State Machines                                                     ; On                 ; On                 ;
; Ignore Verilog initial constructs                                               ; Off                ; Off                ;
; Iteration limit for constant Verilog loops                                      ; 5000               ; 5000               ;
; Iteration limit for non-constant Verilog loops                                  ; 250                ; 250                ;
; Add Pass-Through Logic to Inferred RAMs                                         ; On                 ; On                 ;
; Infer RAMs from Raw Logic                                                       ; On                 ; On                 ;
; Parallel Synthesis                                                              ; On                 ; On                 ;
; DSP Block Balancing                                                             ; Auto               ; Auto               ;
; NOT Gate Push-Back                                                              ; On                 ; On                 ;
; Power-Up Don't Care                                                             ; On                 ; On                 ;
; Remove Redundant Logic Cells                                                    ; Off                ; Off                ;
; Remove Duplicate Registers                                                      ; On                 ; On                 ;
; Ignore CARRY Buffers                                                            ; Off                ; Off                ;
; Ignore CASCADE Buffers                                                          ; Off                ; Off                ;
; Ignore GLOBAL Buffers                                                           ; Off                ; Off                ;
; Ignore ROW GLOBAL Buffers                                                       ; Off                ; Off                ;
; Ignore LCELL Buffers                                                            ; Off                ; Off                ;
; Ignore SOFT Buffers                                                             ; On                 ; On                 ;
; Limit AHDL Integers to 32 Bits                                                  ; Off                ; Off                ;
; Optimization Technique                                                          ; Balanced           ; Balanced           ;
; Carry Chain Length                                                              ; 70                 ; 70                 ;
; Auto Carry Chains                                                               ; On                 ; On                 ;
; Auto Open-Drain Pins                                                            ; On                 ; On                 ;
; Perform WYSIWYG Primitive Resynthesis                                           ; Off                ; Off                ;
; Auto ROM Replacement                                                            ; On                 ; On                 ;
; Auto RAM Replacement                                                            ; On                 ; On                 ;
; Auto DSP Block Replacement                                                      ; On                 ; On                 ;
; Auto Shift Register Replacement                                                 ; Auto               ; Auto               ;
; Allow Shift Register Merging across Hierarchies                                 ; Auto               ; Auto               ;
; Auto Clock Enable Replacement                                                   ; On                 ; On                 ;
; Strict RAM Replacement                                                          ; Off                ; Off                ;
; Allow Synchronous Control Signals                                               ; On                 ; On                 ;
; Force Use of Synchronous Clear Signals                                          ; Off                ; Off                ;
; Auto Resource Sharing                                                           ; Off                ; Off                ;
; Allow Any RAM Size For Recognition                                              ; Off                ; Off                ;
; Allow Any ROM Size For Recognition                                              ; Off                ; Off                ;
; Allow Any Shift Register Size For Recognition                                   ; Off                ; Off                ;
; Use LogicLock Constraints during Resource Balancing                             ; On                 ; On                 ;
; Ignore translate_off and synthesis_off directives                               ; Off                ; Off                ;
; Timing-Driven Synthesis                                                         ; On                 ; On                 ;
; Report Parameter Settings                                                       ; On                 ; On                 ;
; Report Source Assignments                                                       ; On                 ; On                 ;
; Report Connectivity Checks                                                      ; On                 ; On                 ;
; Ignore Maximum Fan-Out Assignments                                              ; Off                ; Off                ;
; Synchronization Register Chain Length                                           ; 3                  ; 3                  ;
; Power Optimization During Synthesis                                             ; Normal compilation ; Normal compilation ;
; HDL message level                                                               ; Level2             ; Level2             ;
; Suppress Register Optimization Related Messages                                 ; Off                ; Off                ;
; Number of Removed Registers Reported in Synthesis Report                        ; 5000               ; 5000               ;
; Number of Swept Nodes Reported in Synthesis Report                              ; 5000               ; 5000               ;
; Number of Inverted Registers Reported in Synthesis Report                       ; 100                ; 100                ;
; Clock MUX Protection                                                            ; On                 ; On                 ;
; Auto Gated Clock Conversion                                                     ; Off                ; Off                ;
; Block Design Naming                                                             ; Auto               ; Auto               ;
; SDC constraint protection                                                       ; Off                ; Off                ;
; Synthesis Effort                                                                ; Auto               ; Auto               ;
; Shift Register Replacement - Allow Asynchronous Clear Signal                    ; On                 ; On                 ;
; Pre-Mapping Resynthesis Optimization                                            ; Off                ; Off                ;
; Analysis & Synthesis Message Level                                              ; Medium             ; Medium             ;
; Disable Register Merging Across Hierarchies                                     ; Auto               ; Auto               ;
; Resource Aware Inference For Block RAM                                          ; On                 ; On                 ;
; Automatic Parallel Synthesis                                                    ; On                 ; On                 ;
; Partial Reconfiguration Bitstream ID                                            ; Off                ; Off                ;
+---------------------------------------------------------------------------------+--------------------+--------------------+


+------------------------------------------+
; Parallel Compilation                     ;
+----------------------------+-------------+
; Processors                 ; Number      ;
+----------------------------+-------------+
; Number detected on machine ; 16          ;
; Maximum allowed            ; 8           ;
;                            ;             ;
; Average used               ; 1.00        ;
; Maximum used               ; 8           ;
;                            ;             ;
; Usage by Processor         ; % Time Used ;
;     Processor 1            ; 100.0%      ;
;     Processors 2-8         ;   0.0%      ;
+----------------------------+-------------+


+----------------------------------------------------------------------------------------------------------------------------------------------------------------------------+
; Analysis & Synthesis Source Files Read                                                                                                                                     ;
+----------------------------------+-----------------+------------------------------+------------------------------------------------------------------------------+---------+
; File Name with User-Entered Path ; Used in Netlist ; File Type                    ; File Name with Absolute Path                                                 ; Library ;
+----------------------------------+-----------------+------------------------------+------------------------------------------------------------------------------+---------+
; ../Source_Files/write_pointer.v  ; yes             ; User Verilog HDL File        ; F:/M_tech/IITB/Projects/Aysnc FIFO/Source_Files/write_pointer.v              ;         ;
; ../Source_Files/top.v            ; yes             ; User Verilog HDL File        ; F:/M_tech/IITB/Projects/Aysnc FIFO/Source_Files/top.v                        ;         ;
; ../Source_Files/read_pointer.v   ; yes             ; User Verilog HDL File        ; F:/M_tech/IITB/Projects/Aysnc FIFO/Source_Files/read_pointer.v               ;         ;
; ../Source_Files/gray_to_bin.v    ; yes             ; User Verilog HDL File        ; F:/M_tech/IITB/Projects/Aysnc FIFO/Source_Files/gray_to_bin.v                ;         ;
; ../Source_Files/synchronizer.v   ; yes             ; User Verilog HDL File        ; F:/M_tech/IITB/Projects/Aysnc FIFO/Source_Files/synchronizer.v               ;         ;
; altsyncram.tdf                   ; yes             ; Megafunction                 ; c:/intelfpga_lite/18.1/quartus/libraries/megafunctions/altsyncram.tdf        ;         ;
; stratix_ram_block.inc            ; yes             ; Megafunction                 ; c:/intelfpga_lite/18.1/quartus/libraries/megafunctions/stratix_ram_block.inc ;         ;
; lpm_mux.inc                      ; yes             ; Megafunction                 ; c:/intelfpga_lite/18.1/quartus/libraries/megafunctions/lpm_mux.inc           ;         ;
; lpm_decode.inc                   ; yes             ; Megafunction                 ; c:/intelfpga_lite/18.1/quartus/libraries/megafunctions/lpm_decode.inc        ;         ;
; aglobal181.inc                   ; yes             ; Megafunction                 ; c:/intelfpga_lite/18.1/quartus/libraries/megafunctions/aglobal181.inc        ;         ;
; a_rdenreg.inc                    ; yes             ; Megafunction                 ; c:/intelfpga_lite/18.1/quartus/libraries/megafunctions/a_rdenreg.inc         ;         ;
; altrom.inc                       ; yes             ; Megafunction                 ; c:/intelfpga_lite/18.1/quartus/libraries/megafunctions/altrom.inc            ;         ;
; altram.inc                       ; yes             ; Megafunction                 ; c:/intelfpga_lite/18.1/quartus/libraries/megafunctions/altram.inc            ;         ;
; altdpram.inc                     ; yes             ; Megafunction                 ; c:/intelfpga_lite/18.1/quartus/libraries/megafunctions/altdpram.inc          ;         ;
; db/altsyncram_g0j1.tdf           ; yes             ; Auto-Generated Megafunction  ; F:/M_tech/IITB/Projects/Aysnc FIFO/Design_Files/db/altsyncram_g0j1.tdf       ;         ;
+----------------------------------+-----------------+------------------------------+------------------------------------------------------------------------------+---------+


+-----------------------------------------------------------+
; Analysis & Synthesis Resource Usage Summary               ;
+---------------------------------------------+-------------+
; Resource                                    ; Usage       ;
+---------------------------------------------+-------------+
; Estimate of Logic utilization (ALMs needed) ; 18          ;
;                                             ;             ;
; Combinational ALUT usage for logic          ; 27          ;
;     -- 7 input functions                    ; 0           ;
;     -- 6 input functions                    ; 6           ;
;     -- 5 input functions                    ; 2           ;
;     -- 4 input functions                    ; 6           ;
;     -- <=3 input functions                  ; 13          ;
;                                             ;             ;
; Dedicated logic registers                   ; 29          ;
;                                             ;             ;
; I/O pins                                    ; 24          ;
; Total MLAB memory bits                      ; 0           ;
; Total block memory bits                     ; 72          ;
;                                             ;             ;
; Total DSP Blocks                            ; 0           ;
;                                             ;             ;
; Maximum fan-out node                        ; w_clk~input ;
; Maximum fan-out                             ; 26          ;
; Total fan-out                               ; 320         ;
; Average fan-out                             ; 2.86        ;
+---------------------------------------------+-------------+


+------------------------------------------------------------------------------------------------------------------------------------------------------------------------------------------------------------------------------------------------+
; Analysis & Synthesis Resource Utilization by Entity                                                                                                                                                                                            ;
+----------------------------------------+---------------------+---------------------------+-------------------+------------+------+--------------+-------------------------------------------------------------+-----------------+--------------+
; Compilation Hierarchy Node             ; Combinational ALUTs ; Dedicated Logic Registers ; Block Memory Bits ; DSP Blocks ; Pins ; Virtual Pins ; Full Hierarchy Name                                         ; Entity Name     ; Library Name ;
+----------------------------------------+---------------------+---------------------------+-------------------+------------+------+--------------+-------------------------------------------------------------+-----------------+--------------+
; |FIFO                                  ; 27 (10)             ; 29 (9)                    ; 72                ; 0          ; 24   ; 0            ; |FIFO                                                       ; FIFO            ; work         ;
;    |altsyncram:mem_rtl_0|              ; 0 (0)               ; 0 (0)                     ; 72                ; 0          ; 0    ; 0            ; |FIFO|altsyncram:mem_rtl_0                                  ; altsyncram      ; work         ;
;       |altsyncram_g0j1:auto_generated| ; 0 (0)               ; 0 (0)                     ; 72                ; 0          ; 0    ; 0            ; |FIFO|altsyncram:mem_rtl_0|altsyncram_g0j1:auto_generated   ; altsyncram_g0j1 ; work         ;
;    |read_pointer:read_pointer_inst|    ; 8 (7)               ; 7 (7)                     ; 0                 ; 0          ; 0    ; 0            ; |FIFO|read_pointer:read_pointer_inst                        ; read_pointer    ; work         ;
;       |bin_to_gray:bin2gray|           ; 1 (1)               ; 0 (0)                     ; 0                 ; 0          ; 0    ; 0            ; |FIFO|read_pointer:read_pointer_inst|bin_to_gray:bin2gray   ; bin_to_gray     ; work         ;
;    |synchronizer:r_ptr_sync_inst|      ; 1 (1)               ; 3 (3)                     ; 0                 ; 0          ; 0    ; 0            ; |FIFO|synchronizer:r_ptr_sync_inst                          ; synchronizer    ; work         ;
;    |synchronizer:w_ptr_sync_inst|      ; 1 (1)               ; 3 (3)                     ; 0                 ; 0          ; 0    ; 0            ; |FIFO|synchronizer:w_ptr_sync_inst                          ; synchronizer    ; work         ;
;    |write_pointer:write_pointer_inst|  ; 7 (6)               ; 7 (7)                     ; 0                 ; 0          ; 0    ; 0            ; |FIFO|write_pointer:write_pointer_inst                      ; write_pointer   ; work         ;
;       |bin_to_gray:bin2gray|           ; 1 (1)               ; 0 (0)                     ; 0                 ; 0          ; 0    ; 0            ; |FIFO|write_pointer:write_pointer_inst|bin_to_gray:bin2gray ; bin_to_gray     ; work         ;
+----------------------------------------+---------------------+---------------------------+-------------------+------------+------+--------------+-------------------------------------------------------------+-----------------+--------------+
Note: For table entries with two numbers listed, the numbers in parentheses indicate the number of resources of the given type used by the specific entity alone. The numbers listed outside of parentheses indicate the total resources of the given type used by the specific entity and all of its sub-entities in the hierarchy.


+--------------------------------------------------------------------------------------------------------------------------------------------------------------------+
; Analysis & Synthesis RAM Summary                                                                                                                                   ;
+----------------------------------------------------------------+------+------------------+--------------+--------------+--------------+--------------+------+------+
; Name                                                           ; Type ; Mode             ; Port A Depth ; Port A Width ; Port B Depth ; Port B Width ; Size ; MIF  ;
+----------------------------------------------------------------+------+------------------+--------------+--------------+--------------+--------------+------+------+
; altsyncram:mem_rtl_0|altsyncram_g0j1:auto_generated|ALTSYNCRAM ; AUTO ; Simple Dual Port ; 9            ; 8            ; 9            ; 8            ; 72   ; None ;
+----------------------------------------------------------------+------+------------------+--------------+--------------+--------------+--------------+------+------+


+------------------------------------------------------+
; General Register Statistics                          ;
+----------------------------------------------+-------+
; Statistic                                    ; Value ;
+----------------------------------------------+-------+
; Total registers                              ; 29    ;
; Number of registers using Synchronous Clear  ; 0     ;
; Number of registers using Synchronous Load   ; 0     ;
; Number of registers using Asynchronous Clear ; 15    ;
; Number of registers using Asynchronous Load  ; 0     ;
; Number of registers using Clock Enable       ; 12    ;
; Number of registers using Preset             ; 0     ;
+----------------------------------------------+-------+


+--------------------------------------------------+
; Inverted Register Statistics                     ;
+----------------------------------------+---------+
; Inverted Register                      ; Fan out ;
+----------------------------------------+---------+
; read_pointer:read_pointer_inst|empty   ; 7       ;
; Total number of inverted registers = 1 ;         ;
+----------------------------------------+---------+


+----------------------------------------------------------------------------+
; Source assignments for altsyncram:mem_rtl_0|altsyncram_g0j1:auto_generated ;
+---------------------------------+--------------------+------+--------------+
; Assignment                      ; Value              ; From ; To           ;
+---------------------------------+--------------------+------+--------------+
; OPTIMIZE_POWER_DURING_SYNTHESIS ; NORMAL_COMPILATION ; -    ; -            ;
+---------------------------------+--------------------+------+--------------+


+----------------------------------------------------------------------+
; Parameter Settings for User Entity Instance: Top-level Entity: |FIFO ;
+----------------+-------+---------------------------------------------+
; Parameter Name ; Value ; Type                                        ;
+----------------+-------+---------------------------------------------+
; DATA_SIZE      ; 8     ; Signed Integer                              ;
; ADDR_SIZE      ; 4     ; Signed Integer                              ;
+----------------+-------+---------------------------------------------+
Note: In order to hide this table in the UI and the text report file, please set the "Show Parameter Settings in Synthesis Report" option in "Analysis and Synthesis Settings -> More Settings" to "Off".


+-----------------------------------------------------------------------------+
; Parameter Settings for User Entity Instance: read_pointer:read_pointer_inst ;
+----------------+-------+----------------------------------------------------+
; Parameter Name ; Value ; Type                                               ;
+----------------+-------+----------------------------------------------------+
; ADDR_SIZE      ; 4     ; Signed Integer                                     ;
+----------------+-------+----------------------------------------------------+
Note: In order to hide this table in the UI and the text report file, please set the "Show Parameter Settings in Synthesis Report" option in "Analysis and Synthesis Settings -> More Settings" to "Off".


+--------------------------------------------------------------------------------------------------+
; Parameter Settings for User Entity Instance: read_pointer:read_pointer_inst|bin_to_gray:bin2gray ;
+----------------+-------+-------------------------------------------------------------------------+
; Parameter Name ; Value ; Type                                                                    ;
+----------------+-------+-------------------------------------------------------------------------+
; WIDTH          ; 5     ; Signed Integer                                                          ;
+----------------+-------+-------------------------------------------------------------------------+
Note: In order to hide this table in the UI and the text report file, please set the "Show Parameter Settings in Synthesis Report" option in "Analysis and Synthesis Settings -> More Settings" to "Off".


+-------------------------------------------------------------------------------+
; Parameter Settings for User Entity Instance: write_pointer:write_pointer_inst ;
+----------------+-------+------------------------------------------------------+
; Parameter Name ; Value ; Type                                                 ;
+----------------+-------+------------------------------------------------------+
; ADDR_SIZE      ; 4     ; Signed Integer                                       ;
+----------------+-------+------------------------------------------------------+
Note: In order to hide this table in the UI and the text report file, please set the "Show Parameter Settings in Synthesis Report" option in "Analysis and Synthesis Settings -> More Settings" to "Off".


+----------------------------------------------------------------------------------------------------+
; Parameter Settings for User Entity Instance: write_pointer:write_pointer_inst|bin_to_gray:bin2gray ;
+----------------+-------+---------------------------------------------------------------------------+
; Parameter Name ; Value ; Type                                                                      ;
+----------------+-------+---------------------------------------------------------------------------+
; WIDTH          ; 5     ; Signed Integer                                                            ;
+----------------+-------+---------------------------------------------------------------------------+
Note: In order to hide this table in the UI and the text report file, please set the "Show Parameter Settings in Synthesis Report" option in "Analysis and Synthesis Settings -> More Settings" to "Off".


+----------------------------------------------------------------------------+
; Parameter Settings for Inferred Entity Instance: altsyncram:mem_rtl_0      ;
+------------------------------------+----------------------+----------------+
; Parameter Name                     ; Value                ; Type           ;
+------------------------------------+----------------------+----------------+
; BYTE_SIZE_BLOCK                    ; 8                    ; Untyped        ;
; AUTO_CARRY_CHAINS                  ; ON                   ; AUTO_CARRY     ;
; IGNORE_CARRY_BUFFERS               ; OFF                  ; IGNORE_CARRY   ;
; AUTO_CASCADE_CHAINS                ; ON                   ; AUTO_CASCADE   ;
; IGNORE_CASCADE_BUFFERS             ; OFF                  ; IGNORE_CASCADE ;
; WIDTH_BYTEENA                      ; 1                    ; Untyped        ;
; OPERATION_MODE                     ; DUAL_PORT            ; Untyped        ;
; WIDTH_A                            ; 8                    ; Untyped        ;
; WIDTHAD_A                          ; 4                    ; Untyped        ;
; NUMWORDS_A                         ; 9                    ; Untyped        ;
; OUTDATA_REG_A                      ; UNREGISTERED         ; Untyped        ;
; ADDRESS_ACLR_A                     ; NONE                 ; Untyped        ;
; OUTDATA_ACLR_A                     ; NONE                 ; Untyped        ;
; WRCONTROL_ACLR_A                   ; NONE                 ; Untyped        ;
; INDATA_ACLR_A                      ; NONE                 ; Untyped        ;
; BYTEENA_ACLR_A                     ; NONE                 ; Untyped        ;
; WIDTH_B                            ; 8                    ; Untyped        ;
; WIDTHAD_B                          ; 4                    ; Untyped        ;
; NUMWORDS_B                         ; 9                    ; Untyped        ;
; INDATA_REG_B                       ; CLOCK1               ; Untyped        ;
; WRCONTROL_WRADDRESS_REG_B          ; CLOCK1               ; Untyped        ;
; RDCONTROL_REG_B                    ; CLOCK1               ; Untyped        ;
; ADDRESS_REG_B                      ; CLOCK1               ; Untyped        ;
; OUTDATA_REG_B                      ; UNREGISTERED         ; Untyped        ;
; BYTEENA_REG_B                      ; CLOCK1               ; Untyped        ;
; INDATA_ACLR_B                      ; NONE                 ; Untyped        ;
; WRCONTROL_ACLR_B                   ; NONE                 ; Untyped        ;
; ADDRESS_ACLR_B                     ; NONE                 ; Untyped        ;
; OUTDATA_ACLR_B                     ; NONE                 ; Untyped        ;
; RDCONTROL_ACLR_B                   ; NONE                 ; Untyped        ;
; BYTEENA_ACLR_B                     ; NONE                 ; Untyped        ;
; WIDTH_BYTEENA_A                    ; 1                    ; Untyped        ;
; WIDTH_BYTEENA_B                    ; 1                    ; Untyped        ;
; RAM_BLOCK_TYPE                     ; AUTO                 ; Untyped        ;
; BYTE_SIZE                          ; 8                    ; Untyped        ;
; READ_DURING_WRITE_MODE_MIXED_PORTS ; DONT_CARE            ; Untyped        ;
; READ_DURING_WRITE_MODE_PORT_A      ; NEW_DATA_NO_NBE_READ ; Untyped        ;
; READ_DURING_WRITE_MODE_PORT_B      ; NEW_DATA_NO_NBE_READ ; Untyped        ;
; INIT_FILE                          ; UNUSED               ; Untyped        ;
; INIT_FILE_LAYOUT                   ; PORT_A               ; Untyped        ;
; MAXIMUM_DEPTH                      ; 0                    ; Untyped        ;
; CLOCK_ENABLE_INPUT_A               ; NORMAL               ; Untyped        ;
; CLOCK_ENABLE_INPUT_B               ; NORMAL               ; Untyped        ;
; CLOCK_ENABLE_OUTPUT_A              ; NORMAL               ; Untyped        ;
; CLOCK_ENABLE_OUTPUT_B              ; NORMAL               ; Untyped        ;
; CLOCK_ENABLE_CORE_A                ; USE_INPUT_CLKEN      ; Untyped        ;
; CLOCK_ENABLE_CORE_B                ; USE_INPUT_CLKEN      ; Untyped        ;
; ENABLE_ECC                         ; FALSE                ; Untyped        ;
; ECC_PIPELINE_STAGE_ENABLED         ; FALSE                ; Untyped        ;
; WIDTH_ECCSTATUS                    ; 3                    ; Untyped        ;
; DEVICE_FAMILY                      ; Cyclone V            ; Untyped        ;
; CBXI_PARAMETER                     ; altsyncram_g0j1      ; Untyped        ;
+------------------------------------+----------------------+----------------+
Note: In order to hide this table in the UI and the text report file, please set the "Show Parameter Settings in Synthesis Report" option in "Analysis and Synthesis Settings -> More Settings" to "Off".


+------------------------------------------------------------------+
; altsyncram Parameter Settings by Entity Instance                 ;
+-------------------------------------------+----------------------+
; Name                                      ; Value                ;
+-------------------------------------------+----------------------+
; Number of entity instances                ; 1                    ;
; Entity Instance                           ; altsyncram:mem_rtl_0 ;
;     -- OPERATION_MODE                     ; DUAL_PORT            ;
;     -- WIDTH_A                            ; 8                    ;
;     -- NUMWORDS_A                         ; 9                    ;
;     -- OUTDATA_REG_A                      ; UNREGISTERED         ;
;     -- WIDTH_B                            ; 8                    ;
;     -- NUMWORDS_B                         ; 9                    ;
;     -- ADDRESS_REG_B                      ; CLOCK1               ;
;     -- OUTDATA_REG_B                      ; UNREGISTERED         ;
;     -- RAM_BLOCK_TYPE                     ; AUTO                 ;
;     -- READ_DURING_WRITE_MODE_MIXED_PORTS ; DONT_CARE            ;
+-------------------------------------------+----------------------+


+----------------------------------------------------------------------------------------------------------------------------------------------------------------------------------------------------------------------+
; Port Connectivity Checks: "synchronizer:w_ptr_sync_inst"                                                                                                                                                             ;
+---------------+--------+----------+----------------------------------------------------------------------------------------------------------------------------------------------------------------------------------+
; Port          ; Type   ; Severity ; Details                                                                                                                                                                          ;
+---------------+--------+----------+----------------------------------------------------------------------------------------------------------------------------------------------------------------------------------+
; ack           ; Input  ; Warning  ; Input port expression (5 bits) is wider than the input port (1 bits) it drives.  The 4 most-significant bit(s) in the expression will be dangling if they have no other fanouts. ;
; ack_lvl_pulse ; Output ; Info     ; Explicitly unconnected                                                                                                                                                           ;
; ack_double_FF ; Output ; Warning  ; Output or bidir port (1 bits) is smaller than the port expression (5 bits) it drives.  The 4 most-significant bit(s) in the port expression will be connected to GND.            ;
+---------------+--------+----------+----------------------------------------------------------------------------------------------------------------------------------------------------------------------------------+


+-----------------------------------------------------------------------------------------------------------------------+
; Port Connectivity Checks: "write_pointer:write_pointer_inst"                                                          ;
+-------------+--------+----------+-------------------------------------------------------------------------------------+
; Port        ; Type   ; Severity ; Details                                                                             ;
+-------------+--------+----------+-------------------------------------------------------------------------------------+
; w_ptr[4..1] ; Output ; Info     ; Connected to dangling logic. Logic that only feeds a dangling port will be removed. ;
+-------------+--------+----------+-------------------------------------------------------------------------------------+


+----------------------------------------------------------------------------------------------------------------------------------------------------------------------------------------------------------------------+
; Port Connectivity Checks: "synchronizer:r_ptr_sync_inst"                                                                                                                                                             ;
+---------------+--------+----------+----------------------------------------------------------------------------------------------------------------------------------------------------------------------------------+
; Port          ; Type   ; Severity ; Details                                                                                                                                                                          ;
+---------------+--------+----------+----------------------------------------------------------------------------------------------------------------------------------------------------------------------------------+
; ack           ; Input  ; Warning  ; Input port expression (5 bits) is wider than the input port (1 bits) it drives.  The 4 most-significant bit(s) in the expression will be dangling if they have no other fanouts. ;
; ack_lvl_pulse ; Output ; Info     ; Explicitly unconnected                                                                                                                                                           ;
; ack_double_FF ; Output ; Warning  ; Output or bidir port (1 bits) is smaller than the port expression (5 bits) it drives.  The 4 most-significant bit(s) in the port expression will be connected to GND.            ;
+---------------+--------+----------+----------------------------------------------------------------------------------------------------------------------------------------------------------------------------------+


+-----------------------------------------------------------------------------------------------------------------------+
; Port Connectivity Checks: "read_pointer:read_pointer_inst"                                                            ;
+-------------+--------+----------+-------------------------------------------------------------------------------------+
; Port        ; Type   ; Severity ; Details                                                                             ;
+-------------+--------+----------+-------------------------------------------------------------------------------------+
; r_ptr[4..1] ; Output ; Info     ; Connected to dangling logic. Logic that only feeds a dangling port will be removed. ;
+-------------+--------+----------+-------------------------------------------------------------------------------------+


+-----------------------------------------------------+
; Post-Synthesis Netlist Statistics for Top Partition ;
+-----------------------+-----------------------------+
; Type                  ; Count                       ;
+-----------------------+-----------------------------+
; arriav_ff             ; 29                          ;
;     CLR               ; 15                          ;
;     ENA               ; 12                          ;
;     plain             ; 2                           ;
; arriav_lcell_comb     ; 28                          ;
;     normal            ; 28                          ;
;         1 data inputs ; 1                           ;
;         2 data inputs ; 3                           ;
;         3 data inputs ; 10                          ;
;         4 data inputs ; 6                           ;
;         5 data inputs ; 2                           ;
;         6 data inputs ; 6                           ;
; boundary_port         ; 24                          ;
; stratixv_ram_block    ; 8                           ;
;                       ;                             ;
; Max LUT depth         ; 3.00                        ;
; Average LUT depth     ; 1.33                        ;
+-----------------------+-----------------------------+


+-------------------------------+
; Elapsed Time Per Partition    ;
+----------------+--------------+
; Partition Name ; Elapsed Time ;
+----------------+--------------+
; Top            ; 00:00:00     ;
+----------------+--------------+


+-------------------------------+
; Analysis & Synthesis Messages ;
+-------------------------------+
Info: *******************************************************************
Info: Running Quartus Prime Analysis & Synthesis
    Info: Version 18.1.0 Build 625 09/12/2018 SJ Lite Edition
    Info: Processing started: Wed Aug 07 02:41:13 2024
Info: Command: quartus_map --read_settings_files=on --write_settings_files=off FIFO -c FIFO
Warning (18236): Number of processors has not been specified which may cause overloading on shared machines.  Set the global assignment NUM_PARALLEL_PROCESSORS in your QSF to an appropriate value for best performance.
Info (20030): Parallel compilation is enabled and will use 8 of the 8 processors detected
Info (12021): Found 1 design units, including 1 entities, in source file /m_tech/iitb/projects/aysnc fifo/source_files/write_pointer.v
    Info (12023): Found entity 1: write_pointer File: F:/M_tech/IITB/Projects/Aysnc FIFO/Source_Files/write_pointer.v Line: 1
Info (12021): Found 1 design units, including 1 entities, in source file /m_tech/iitb/projects/aysnc fifo/source_files/top.v
    Info (12023): Found entity 1: FIFO File: F:/M_tech/IITB/Projects/Aysnc FIFO/Source_Files/top.v Line: 3
Info (12021): Found 1 design units, including 1 entities, in source file /m_tech/iitb/projects/aysnc fifo/source_files/read_pointer.v
    Info (12023): Found entity 1: read_pointer File: F:/M_tech/IITB/Projects/Aysnc FIFO/Source_Files/read_pointer.v Line: 3
Info (12021): Found 2 design units, including 2 entities, in source file /m_tech/iitb/projects/aysnc fifo/source_files/gray_to_bin.v
    Info (12023): Found entity 1: gray_to_bin File: F:/M_tech/IITB/Projects/Aysnc FIFO/Source_Files/gray_to_bin.v Line: 1
    Info (12023): Found entity 2: bin_to_gray File: F:/M_tech/IITB/Projects/Aysnc FIFO/Source_Files/gray_to_bin.v Line: 16
Info (12021): Found 1 design units, including 1 entities, in source file /m_tech/iitb/projects/aysnc fifo/source_files/synchronizer_tb.v
    Info (12023): Found entity 1: synchronizer_tb File: F:/M_tech/IITB/Projects/Aysnc FIFO/Source_Files/synchronizer_tb.v Line: 1
Info (12021): Found 1 design units, including 1 entities, in source file /m_tech/iitb/projects/aysnc fifo/source_files/synchronizer.v
    Info (12023): Found entity 1: synchronizer File: F:/M_tech/IITB/Projects/Aysnc FIFO/Source_Files/synchronizer.v Line: 1
Info (12127): Elaborating entity "FIFO" for the top level hierarchy
Info (12128): Elaborating entity "read_pointer" for hierarchy "read_pointer:read_pointer_inst" File: F:/M_tech/IITB/Projects/Aysnc FIFO/Source_Files/top.v Line: 46
Info (12128): Elaborating entity "bin_to_gray" for hierarchy "read_pointer:read_pointer_inst|bin_to_gray:bin2gray" File: F:/M_tech/IITB/Projects/Aysnc FIFO/Source_Files/read_pointer.v Line: 21
Info (12128): Elaborating entity "synchronizer" for hierarchy "synchronizer:r_ptr_sync_inst" File: F:/M_tech/IITB/Projects/Aysnc FIFO/Source_Files/top.v Line: 55
Info (12128): Elaborating entity "write_pointer" for hierarchy "write_pointer:write_pointer_inst" File: F:/M_tech/IITB/Projects/Aysnc FIFO/Source_Files/top.v Line: 67
Warning (12011): Net is missing source, defaulting to GND
    Warning (12110): Net "r_ptr_sync[4]" is missing source, defaulting to GND File: F:/M_tech/IITB/Projects/Aysnc FIFO/Source_Files/top.v Line: 20
    Warning (12110): Net "r_ptr_sync[3]" is missing source, defaulting to GND File: F:/M_tech/IITB/Projects/Aysnc FIFO/Source_Files/top.v Line: 20
    Warning (12110): Net "r_ptr_sync[2]" is missing source, defaulting to GND File: F:/M_tech/IITB/Projects/Aysnc FIFO/Source_Files/top.v Line: 20
    Warning (12110): Net "r_ptr_sync[1]" is missing source, defaulting to GND File: F:/M_tech/IITB/Projects/Aysnc FIFO/Source_Files/top.v Line: 20
Warning (12011): Net is missing source, defaulting to GND
    Warning (12110): Net "r_ptr_sync[4]" is missing source, defaulting to GND File: F:/M_tech/IITB/Projects/Aysnc FIFO/Source_Files/top.v Line: 20
    Warning (12110): Net "r_ptr_sync[3]" is missing source, defaulting to GND File: F:/M_tech/IITB/Projects/Aysnc FIFO/Source_Files/top.v Line: 20
    Warning (12110): Net "r_ptr_sync[2]" is missing source, defaulting to GND File: F:/M_tech/IITB/Projects/Aysnc FIFO/Source_Files/top.v Line: 20
    Warning (12110): Net "r_ptr_sync[1]" is missing source, defaulting to GND File: F:/M_tech/IITB/Projects/Aysnc FIFO/Source_Files/top.v Line: 20
    Warning (12110): Net "w_ptr_sync[4]" is missing source, defaulting to GND File: F:/M_tech/IITB/Projects/Aysnc FIFO/Source_Files/top.v Line: 20
    Warning (12110): Net "w_ptr_sync[3]" is missing source, defaulting to GND File: F:/M_tech/IITB/Projects/Aysnc FIFO/Source_Files/top.v Line: 20
    Warning (12110): Net "w_ptr_sync[2]" is missing source, defaulting to GND File: F:/M_tech/IITB/Projects/Aysnc FIFO/Source_Files/top.v Line: 20
    Warning (12110): Net "w_ptr_sync[1]" is missing source, defaulting to GND File: F:/M_tech/IITB/Projects/Aysnc FIFO/Source_Files/top.v Line: 20
Warning (276027): Inferred dual-clock RAM node "mem_rtl_0" from synchronous design logic.  The read-during-write behavior of a dual-clock RAM is undefined and may not match the behavior of the original design.
Info (19000): Inferred 1 megafunctions from design logic
    Info (276029): Inferred altsyncram megafunction from the following design logic: "mem_rtl_0" 
        Info (286033): Parameter OPERATION_MODE set to DUAL_PORT
        Info (286033): Parameter WIDTH_A set to 8
        Info (286033): Parameter WIDTHAD_A set to 4
        Info (286033): Parameter NUMWORDS_A set to 9
        Info (286033): Parameter WIDTH_B set to 8
        Info (286033): Parameter WIDTHAD_B set to 4
        Info (286033): Parameter NUMWORDS_B set to 9
        Info (286033): Parameter ADDRESS_ACLR_A set to NONE
        Info (286033): Parameter OUTDATA_REG_B set to UNREGISTERED
        Info (286033): Parameter ADDRESS_ACLR_B set to NONE
        Info (286033): Parameter OUTDATA_ACLR_B set to NONE
        Info (286033): Parameter ADDRESS_REG_B set to CLOCK1
        Info (286033): Parameter INDATA_ACLR_A set to NONE
        Info (286033): Parameter WRCONTROL_ACLR_A set to NONE
Info (12130): Elaborated megafunction instantiation "altsyncram:mem_rtl_0"
Info (12133): Instantiated megafunction "altsyncram:mem_rtl_0" with the following parameter:
    Info (12134): Parameter "OPERATION_MODE" = "DUAL_PORT"
    Info (12134): Parameter "WIDTH_A" = "8"
    Info (12134): Parameter "WIDTHAD_A" = "4"
    Info (12134): Parameter "NUMWORDS_A" = "9"
    Info (12134): Parameter "WIDTH_B" = "8"
    Info (12134): Parameter "WIDTHAD_B" = "4"
    Info (12134): Parameter "NUMWORDS_B" = "9"
    Info (12134): Parameter "ADDRESS_ACLR_A" = "NONE"
    Info (12134): Parameter "OUTDATA_REG_B" = "UNREGISTERED"
    Info (12134): Parameter "ADDRESS_ACLR_B" = "NONE"
    Info (12134): Parameter "OUTDATA_ACLR_B" = "NONE"
    Info (12134): Parameter "ADDRESS_REG_B" = "CLOCK1"
    Info (12134): Parameter "INDATA_ACLR_A" = "NONE"
    Info (12134): Parameter "WRCONTROL_ACLR_A" = "NONE"
Info (12021): Found 1 design units, including 1 entities, in source file db/altsyncram_g0j1.tdf
    Info (12023): Found entity 1: altsyncram_g0j1 File: F:/M_tech/IITB/Projects/Aysnc FIFO/Design_Files/db/altsyncram_g0j1.tdf Line: 27
Warning (12241): 2 hierarchies have connectivity warnings - see the Connectivity Checks report folder
Info (286030): Timing-Driven Synthesis is running
Info (16010): Generating hard_block partition "hard_block:auto_generated_inst"
    Info (16011): Adding 0 node(s), including 0 DDIO, 0 PLL, 0 transceiver and 0 LCELL
Info (21057): Implemented 82 device resources after synthesis - the final resource count might be different
    Info (21058): Implemented 14 input pins
    Info (21059): Implemented 10 output pins
    Info (21061): Implemented 50 logic cells
    Info (21064): Implemented 8 RAM segments
Info: Quartus Prime Analysis & Synthesis was successful. 0 errors, 17 warnings
    Info: Peak virtual memory: 4870 megabytes
    Info: Processing ended: Wed Aug 07 02:41:21 2024
    Info: Elapsed time: 00:00:08
    Info: Total CPU time (on all processors): 00:00:06


