------------------------------------------------------------
Timing Analyzer Summary
------------------------------------------------------------

Type  : Slow 1100mV 85C Model Setup 'w_clk'
Slack : -2.285
TNS   : -44.664

Type  : Slow 1100mV 85C Model Setup 'r_clk'
Slack : -2.248
TNS   : -29.374

Type  : Slow 1100mV 85C Model Hold 'w_clk'
Slack : 0.492
TNS   : 0.000

Type  : Slow 1100mV 85C Model Hold 'r_clk'
Slack : 0.545
TNS   : 0.000

Type  : Slow 1100mV 85C Model Minimum Pulse Width 'w_clk'
Slack : -3.166
TNS   : -93.104

Type  : Slow 1100mV 85C Model Minimum Pulse Width 'r_clk'
Slack : -3.166
TNS   : -51.335

Type  : Slow 1100mV 0C Model Setup 'w_clk'
Slack : -2.364
TNS   : -43.168

Type  : Slow 1100mV 0C Model Setup 'r_clk'
Slack : -2.294
TNS   : -29.865

Type  : Slow 1100mV 0C Model Hold 'w_clk'
Slack : 0.507
TNS   : 0.000

Type  : Slow 1100mV 0C Model Hold 'r_clk'
Slack : 0.571
TNS   : 0.000

Type  : Slow 1100mV 0C Model Minimum Pulse Width 'w_clk'
Slack : -3.166
TNS   : -93.063

Type  : Slow 1100mV 0C Model Minimum Pulse Width 'r_clk'
Slack : -3.166
TNS   : -52.183

Type  : Fast 1100mV 85C Model Setup 'r_clk'
Slack : -0.339
TNS   : -1.377

Type  : Fast 1100mV 85C Model Setup 'w_clk'
Slack : -0.303
TNS   : -2.502

Type  : Fast 1100mV 85C Model Hold 'w_clk'
Slack : 0.162
TNS   : 0.000

Type  : Fast 1100mV 85C Model Hold 'r_clk'
Slack : 0.166
TNS   : 0.000

Type  : Fast 1100mV 85C Model Minimum Pulse Width 'w_clk'
Slack : -2.174
TNS   : -42.430

Type  : Fast 1100mV 85C Model Minimum Pulse Width 'r_clk'
Slack : -2.174
TNS   : -20.154

Type  : Fast 1100mV 0C Model Setup 'r_clk'
Slack : -0.252
TNS   : -0.751

Type  : Fast 1100mV 0C Model Setup 'w_clk'
Slack : -0.226
TNS   : -1.216

Type  : Fast 1100mV 0C Model Hold 'r_clk'
Slack : 0.142
TNS   : 0.000

Type  : Fast 1100mV 0C Model Hold 'w_clk'
Slack : 0.160
TNS   : 0.000

Type  : Fast 1100mV 0C Model Minimum Pulse Width 'w_clk'
Slack : -2.174
TNS   : -42.481

Type  : Fast 1100mV 0C Model Minimum Pulse Width 'r_clk'
Slack : -2.174
TNS   : -20.181

------------------------------------------------------------
